// Jest Snapshot v1, https://goo.gl/fbAQLP

exports[`Checkout component should render Checkout component 1`] = `ShallowWrapper {}`;
