// Jest Snapshot v1, https://goo.gl/fbAQLP

exports[`CollectionPreview component should render CollectionPreview compoenent 1`] = `ShallowWrapper {}`;
